#
# A fatal error has been detected by the Java Runtime Environment:
#
#  EXCEPTION_ACCESS_VIOLATION (0xc0000005) at pc=0x00007ffde49f68b5, pid=7452, tid=14004
#
# JRE version: OpenJDK Runtime Environment (21.0.4) (build 21.0.4+-12508038-b607.1)
# Java VM: OpenJDK 64-Bit Server VM (21.0.4+-12508038-b607.1, mixed mode, tiered, compressed oops, compressed class ptrs, g1 gc, windows-amd64)
# Problematic frame:
# V  [jvm.dll+0x3168b5]
#
# No core dump will be written. Minidumps are not enabled by default on client versions of Windows
#
# If you would like to submit a bug report, please visit:
#   https://youtrack.jetbrains.com/issues/JBR
#

---------------  S U M M A R Y ------------

Command Line: org.jetbrains.kotlin.cli.jvm.K2JVMCompiler @D:\MAXCOMM\CONTRAST\app\build\20250426_5146716779084524359.compiler.options

Host: Intel(R) Core(TM) i5-4570 CPU @ 3.20GHz, 4 cores, 15G,  Windows 10 , 64 bit Build 19041 (10.0.19041.5438)
Time: Sat Apr 26 20:56:40 2025 SE Asia Standard Time elapsed time: 14.447695 seconds (0d 0h 0m 14s)

---------------  T H R E A D  ---------------

Current thread (0x0000026ca1120750):  WorkerThread "G1 Conc#0"      [id=14004, stack(0x0000008099600000,0x0000008099700000) (1024K)]

Stack: [0x0000008099600000,0x0000008099700000],  sp=0x00000080996ff7b0,  free space=1021k
Native frames: (J=compiled Java code, j=interpreted, Vv=VM code, C=native code)
V  [jvm.dll+0x3168b5]
V  [jvm.dll+0x31674f]
V  [jvm.dll+0x3140cd]
V  [jvm.dll+0x313d12]
V  [jvm.dll+0x3314ea]
V  [jvm.dll+0x33005c]
V  [jvm.dll+0x331bdc]
V  [jvm.dll+0x330923]
V  [jvm.dll+0x334286]
V  [jvm.dll+0x889be4]
V  [jvm.dll+0x804418]
V  [jvm.dll+0x6cce0d]
C  [ucrtbase.dll+0x21bb2]
C  [KERNEL32.DLL+0x17374]
C  [ntdll.dll+0x4cc91]


siginfo: EXCEPTION_ACCESS_VIOLATION (0xc0000005), reading address 0x00000274a10c6f10


Registers:
RAX=0x0000026ca10e2f80, RBX=0x0000026ca1121630, RCX=0x0000000000000015, RDX=0x0000000000000000
RSP=0x00000080996ff7b0, RBP=0x0000000000000000, RSI=0x0000026ca110df40, RDI=0x0000000000100000
R8 =0x0000000000100000, R9 =0x00000000ffffc7f2, R10=0x0000026ca0fabaf0, R11=0x0000000000000003
R12=0x0000000000000000, R13=0xaaaaaaaaaaaaaaab, R14=0x00000008003160d0, R15=0x000000070474e060
RIP=0x00007ffde49f68b5, EFLAGS=0x0000000000010a03


Register to memory mapping:

RAX=0x0000026ca10e2f80 points into unknown readable memory: 0x0000026ca1132c00 | 00 2c 13 a1 6c 02 00 00
RBX=0x0000026ca1121630 points into unknown readable memory: 0x00007ffde5044ca8 | a8 4c 04 e5 fd 7f 00 00
RCX=0x0000000000000015 is an unknown value
RDX=0x0 is null
RSP=0x00000080996ff7b0 points into unknown readable memory: 0x0000000000000000 | 00 00 00 00 00 00 00 00
RBP=0x0 is null
RSI=0x0000026ca110df40 points into unknown readable memory: 0x0000026ca111ec40 | 40 ec 11 a1 6c 02 00 00
RDI=1048576 is a compressed pointer to class: 0x0000000800100000
org.jetbrains.kotlin.load.java.NullabilityAnnotationStates$Companion {0x0000000800100008}
 - instance size:     2
 - klass size:        67
 - access:            public final synchronized 
 - flags:             rewritten should_verify_class has_localvariable_table has_vanilla_constructor has_final_method 
 - state:             fully_initialized
 - name:              'org/jetbrains/kotlin/load/java/NullabilityAnnotationStates$Companion'
 - super:             'java/lang/Object'
 - sub:               
 - arrays:            null
 - methods:           Array<T>(0x0000026cbdabc4c8)
 - method ordering:   Array<T>(0x0000026cbd000018)
 - default_methods:   Array<T>(0x0000000000000000)
 - local interfaces:  Array<T>(0x0000026cbd000058)
 - trans. interfaces: Array<T>(0x0000026cbd000058)
 - constants:         constant pool [58] {0x0000026cbdabc288} for 'org/jetbrains/kotlin/load/java/NullabilityAnnotationStates$Companion' cache=0x0000026cbdabc7e0
 - class loader data:  loader data: 0x0000026cbc7cea60 for instance a 'jdk/internal/loader/ClassLoaders$AppClassLoader'{0x0000000702040000}
 - source file:       'JavaNullabilityAnnotationSettings.kt'
 - class annotations:       Array<T>(0x0000026cbdabc730)
 - class type annotations:  Array<T>(0x0000000000000000)
 - field annotations:       Array<T>(0x0000000000000000)
 - field type annotations:  Array<T>(0x0000000000000000)
 - inner classes:     Array<T>(0x0000026cbdabc780)
 - nest members:     Array<T>(0x0000026cbd000028)
 - permitted subclasses:     Array<T>(0x0000026cbd000028)
 - java mirror:       a 'java/lang/Class'{0x000000070267a300} = 'org/jetbrains/kotlin/load/java/NullabilityAnnotationStates$Companion'
 - vtable length      5  (start addr: 0x00000008001001e0)
 - itable length      2 (start addr: 0x0000000800100208)
 - ---- static fields (1 words):
 - static final synthetic '$$INSTANCE' 'Lorg/jetbrains/kotlin/load/java/NullabilityAnnotationStates$Companion;' @112 
 - private static final 'EMPTY' 'Lorg/jetbrains/kotlin/load/java/NullabilityAnnotationStates;' @116 
 - ---- non-static fields (0 words):
 - non-static oop maps: 
R8 =1048576 is a compressed pointer to class: 0x0000000800100000
org.jetbrains.kotlin.load.java.NullabilityAnnotationStates$Companion {0x0000000800100008}
 - instance size:     2
 - klass size:        67
 - access:            public final synchronized 
 - flags:             rewritten should_verify_class has_localvariable_table has_vanilla_constructor has_final_method 
 - state:             fully_initialized
 - name:              'org/jetbrains/kotlin/load/java/NullabilityAnnotationStates$Companion'
 - super:             'java/lang/Object'
 - sub:               
 - arrays:            null
 - methods:           Array<T>(0x0000026cbdabc4c8)
 - method ordering:   Array<T>(0x0000026cbd000018)
 - default_methods:   Array<T>(0x0000000000000000)
 - local interfaces:  Array<T>(0x0000026cbd000058)
 - trans. interfaces: Array<T>(0x0000026cbd000058)
 - constants:         constant pool [58] {0x0000026cbdabc288} for 'org/jetbrains/kotlin/load/java/NullabilityAnnotationStates$Companion' cache=0x0000026cbdabc7e0
 - class loader data:  loader data: 0x0000026cbc7cea60 for instance a 'jdk/internal/loader/ClassLoaders$AppClassLoader'{0x0000000702040000}
 - source file:       'JavaNullabilityAnnotationSettings.kt'
 - class annotations:       Array<T>(0x0000026cbdabc730)
 - class type annotations:  Array<T>(0x0000000000000000)
 - field annotations:       Array<T>(0x0000000000000000)
 - field type annotations:  Array<T>(0x0000000000000000)
 - inner classes:     Array<T>(0x0000026cbdabc780)
 - nest members:     Array<T>(0x0000026cbd000028)
 - permitted subclasses:     Array<T>(0x0000026cbd000028)
 - java mirror:       a 'java/lang/Class'{0x000000070267a300} = 'org/jetbrains/kotlin/load/java/NullabilityAnnotationStates$Companion'
 - vtable length      5  (start addr: 0x00000008001001e0)
 - itable length      2 (start addr: 0x0000000800100208)
 - ---- static fields (1 words):
 - static final synthetic '$$INSTANCE' 'Lorg/jetbrains/kotlin/load/java/NullabilityAnnotationStates$Companion;' @112 
 - private static final 'EMPTY' 'Lorg/jetbrains/kotlin/load/java/NullabilityAnnotationStates;' @116 
 - ---- non-static fields (0 words):
 - non-static oop maps: 
R9 =0x00000000ffffc7f2 is an unknown value
R10=0x0000026ca0fabaf0 points into unknown readable memory: 0x00007ffde5043330 | 30 33 04 e5 fd 7f 00 00
R11=0x0000000000000003 is an unknown value
R12=0x0 is null
R13=0xaaaaaaaaaaaaaaab is an unknown value
R14=0x00000008003160d0 is a pointer to class: 
org.jetbrains.kotlin.fir.types.ConeTypeProjection$Companion {0x00000008003160d8}
 - instance size:     2
 - klass size:        67
 - access:            public final synchronized 
 - flags:             rewritten should_verify_class has_localvariable_table has_vanilla_constructor has_final_method 
 - state:             fully_initialized
 - name:              'org/jetbrains/kotlin/fir/types/ConeTypeProjection$Companion'
 - super:             'java/lang/Object'
 - sub:               
 - arrays:            null
 - methods:           Array<T>(0x0000026cbe8f2b48)
 - method ordering:   Array<T>(0x0000026cbd000018)
 - default_methods:   Array<T>(0x0000000000000000)
 - local interfaces:  Array<T>(0x0000026cbd000058)
 - trans. interfaces: Array<T>(0x0000026cbd000058)
 - constants:         constant pool [48] {0x0000026cbe8f2968} for 'org/jetbrains/kotlin/fir/types/ConeTypeProjection$Companion' cache=0x0000026cbe8f2e60
 - class loader data:  loader data: 0x0000026cbc7cea60 for instance a 'jdk/internal/loader/ClassLoaders$AppClassLoader'{0x0000000702040000}
 - source file:       'ConeTypeProjection.kt'
 - class annotations:       Array<T>(0x0000026cbe8f2db0)
 - class type annotations:  Array<T>(0x0000000000000000)
 - field annotations:       Array<T>(0x0000000000000000)
 - field type annotations:  Array<T>(0x0000000000000000)
 - inner classes:     Array<T>(0x0000026cbe8f2e08)
 - nest members:     Array<T>(0x0000026cbd000028)
 - permitted subclasses:     Array<T>(0x0000026cbd000028)
 - java mirror:       a 'java/lang/Class'{0x00000007038fc4d8} = 'org/jetbrains/kotlin/fir/types/ConeTypeProjection$Companion'
 - vtable length      5  (start addr: 0x00000008003162b0)
 - itable length      2 (start addr: 0x00000008003162d8)
 - ---- static fields (0 words):
 - ---- non-static fields (0 words):
 - non-static oop maps: 
R15=0x000000070474e060 is an oop: org.jetbrains.kotlin.fir.types.impl.ConeClassLikeTypeImpl 
{0x000000070474e060} - klass: 'org/jetbrains/kotlin/fir/types/impl/ConeClassLikeTypeImpl'
 - ---- fields (total size 4 words):
 - private final 'isMarkedNullable' 'Z' @12  false (0x00)
 - private final 'lookupTag' 'Lorg/jetbrains/kotlin/fir/types/ConeClassLikeLookupTag;' @16  a 'org/jetbrains/kotlin/fir/symbols/impl/ConeClassLikeLookupTagImpl'{0x000000070474e080} (0xe08e9c10)
 - private final 'attributes' 'Lorg/jetbrains/kotlin/fir/types/ConeAttributes;' @20  a 'org/jetbrains/kotlin/fir/types/ConeAttributes'{0x00000007ff2a31f8} (0xffe5463f)
 - private final 'typeArguments' '[Lorg/jetbrains/kotlin/fir/types/ConeTypeProjection;' @24  a 'org/jetbrains/kotlin/fir/types/ConeTypeProjection'[0] {0x00000007ff2a3208} (0xffe54641)
 - private 'cachedExpandedType' 'Lorg/jetbrains/kotlin/util/WeakPair;' @28  
[error occurred during error reporting (printing register info), id 0xc0000005, EXCEPTION_ACCESS_VIOLATION (0xc0000005) at pc=0x00007ffde4d99742]

Top of Stack: (sp=0x00000080996ff7b0)
0x00000080996ff7b0:   0000000000000000 00007ffde49f697a
0x00000080996ff7c0:   0000636dff08cdf5 00007ffde49f697a
0x00000080996ff7d0:   0000000000100000 00007ffde49f674f
0x00000080996ff7e0:   0000026ca1121630 00000080996ff9a0
0x00000080996ff7f0:   00000008003160c8 00000080996ff9a0
0x00000080996ff800:   000000070474e080 00007ffde49f40cd
0x00000080996ff810:   000000070474e07c 00007ffde49f497d
0x00000080996ff820:   000000070474dee8 00007ffde49f40cd
0x00000080996ff830:   00000080996ff960 0000000000000000
0x00000080996ff840:   000000070474e060 00007ffde49f3d12
0x00000080996ff850:   0000000800315e58 0000000000000004
0x00000080996ff860:   00000080996ff9a0 0000000000000000
0x00000080996ff870:   000000070474e060 00007ffde4a114ea
0x00000080996ff880:   0000026ca1121630 0000000000000040
0x00000080996ff890:   000000000000006b 00007ffde4a13800
0x00000080996ff8a0:   0000000000000001 0000000704bd27e8
0x00000080996ff8b0:   00000080996ff960 0000026ca110df50
0x00000080996ff8c0:   00000000005fa4fd 00007ffde4a1005c
0x00000080996ff8d0:   00000000005fa4fd 00000080995ff980
0x00000080996ff8e0:   000000070474e060 00007ffde4a114ea
0x00000080996ff8f0:   0000000000600000 00007ffde4a11bdc
0x00000080996ff900:   0000000704bd27d0 00000000005fa4fd
0x00000080996ff910:   0000000000000001 0000026ca1121630
0x00000080996ff920:   0000000000000000 0000000000000001
0x00000080996ff930:   0000026ca1121630 00007ffde4a10923
0x00000080996ff940:   0000000000000555 0000000000000000
0x00000080996ff950:   00000080995ff901 0000000000000000
0x00000080996ff960:   0000026ca110df40 0000026ca1121630
0x00000080996ff970:   0000000704a41ef8 0000000000037c21
0x00000080996ff980:   0000000704a41ef8 0000000000037c21
0x00000080996ff990:   0000000000000000 0000000000098968
0x00000080996ff9a0:   00007ffde5044cc8 0000026cbc619510 

Instructions: (pc=0x00007ffde49f68b5)
0x00007ffde49f67b5:   05 75 35 48 8b 83 a8 00 00 00 48 39 83 a0 00 00
0x00007ffde49f67c5:   00 73 10 48 8b 83 c0 00 00 00 48 39 83 b8 00 00
0x00007ffde49f67d5:   00 72 7f 48 8b cb e8 10 c2 01 00 b0 01 48 8b 5c
0x00007ffde49f67e5:   24 30 48 83 c4 20 5f c3 48 8b 53 30 44 8b 82 80
0x00007ffde49f67f5:   00 00 00 8b 82 00 01 00 00 41 8b c8 2b c8 81 e1
0x00007ffde49f6805:   ff ff 01 00 81 f9 fe ff 01 00 72 2c 48 8b cb e8
0x00007ffde49f6815:   a7 b5 01 00 48 8b 53 30 44 8b 82 80 00 00 00 8b
0x00007ffde49f6825:   82 00 01 00 00 41 8b c8 2b c8 81 e1 ff ff 01 00
0x00007ffde49f6835:   81 f9 fe ff 01 00 73 1a 48 8b 82 80 01 00 00 4a
0x00007ffde49f6845:   89 3c c0 41 8d 40 01 25 ff ff 01 00 89 82 80 00
0x00007ffde49f6855:   00 00 48 8b 5c 24 30 b0 01 48 83 c4 20 5f c3 cc
0x00007ffde49f6865:   cc cc cc cc cc cc cc cc cc cc cc 48 89 6c 24 10
0x00007ffde49f6875:   48 89 74 24 18 57 48 83 ec 20 4c 8b 51 08 48 8b
0x00007ffde49f6885:   f1 4d 8b c8 8b ea 49 8b f8 41 8b 8a 18 02 00 00
0x00007ffde49f6895:   49 8b 82 10 02 00 00 48 d3 e0 8b 0d ab 87 87 00
0x00007ffde49f68a5:   4c 2b c8 49 8b 82 f8 01 00 00 49 d3 e9 45 8b c9
0x00007ffde49f68b5:   4a 8b 04 c8 48 8b 40 68 4c 3b c0 72 12 32 c0 48
0x00007ffde49f68c5:   8b 6c 24 38 48 8b 74 24 40 48 83 c4 20 5f c3 48
0x00007ffde49f68d5:   8b 46 10 48 8d 4e 10 48 8b d7 48 89 5c 24 30 ff
0x00007ffde49f68e5:   10 8b 4e 28 48 8b d7 48 2b 56 18 48 8b 46 30 48
0x00007ffde49f68f5:   c1 ea 03 48 d3 ea 48 8b ca 48 c1 e9 06 4c 8d 04
0x00007ffde49f6905:   c8 0f b6 ca 49 8b 00 80 e1 3f ba 01 00 00 00 48
0x00007ffde49f6915:   d3 e2 48 8b c8 48 0b ca 48 3b c8 74 12 f0 49 0f
0x00007ffde49f6925:   b1 08 74 25 48 8b c8 48 0b ca 48 3b c8 75 ee 32
0x00007ffde49f6935:   db 48 8b 6c 24 38 0f b6 c3 48 8b 5c 24 30 48 8b
0x00007ffde49f6945:   74 24 40 48 83 c4 20 5f c3 80 3d bb 58 81 00 00
0x00007ffde49f6955:   b3 01 74 15 8b 57 08 8b 0d b6 45 81 00 48 d3 e2
0x00007ffde49f6965:   48 03 15 a4 45 81 00 eb 04 48 8b 57 08 48 8b cf
0x00007ffde49f6975:   e8 a6 30 e2 ff 48 8b 8e b8 02 00 00 4c 8b d8 4c
0x00007ffde49f6985:   8b 0c e9 49 8b 51 18 8b 8a 18 02 00 00 4c 8b 82
0x00007ffde49f6995:   10 02 00 00 41 8b 51 60 49 d3 e0 8b 0d aa 86 87
0x00007ffde49f69a5:   00 49 2b f8 48 d3 ef 44 8b d7 49 23 d2 48 c1 e2 


Stack slot to memory mapping:

stack at sp + 0 slots: 0x0 is null
stack at sp + 1 slots: 0x00007ffde49f697a jvm.dll
stack at sp + 2 slots: 0x0000636dff08cdf5 is an unknown value
stack at sp + 3 slots: 0x00007ffde49f697a jvm.dll
stack at sp + 4 slots: 1048576 is a compressed pointer to class: 0x0000000800100000
org.jetbrains.kotlin.load.java.NullabilityAnnotationStates$Companion {0x0000000800100008}
 - instance size:     2
 - klass size:        67
 - access:            public final synchronized 
 - flags:             rewritten should_verify_class has_localvariable_table has_vanilla_constructor has_final_method 
 - state:             fully_initialized
 - name:              'org/jetbrains/kotlin/load/java/NullabilityAnnotationStates$Companion'
 - super:             'java/lang/Object'
 - sub:               
 - arrays:            null
 - methods:           Array<T>(0x0000026cbdabc4c8)
 - method ordering:   Array<T>(0x0000026cbd000018)
 - default_methods:   Array<T>(0x0000000000000000)
 - local interfaces:  Array<T>(0x0000026cbd000058)
 - trans. interfaces: Array<T>(0x0000026cbd000058)
 - constants:         constant pool [58] {0x0000026cbdabc288} for 'org/jetbrains/kotlin/load/java/NullabilityAnnotationStates$Companion' cache=0x0000026cbdabc7e0
 - class loader data:  loader data: 0x0000026cbc7cea60 for instance a 'jdk/internal/loader/ClassLoaders$AppClassLoader'{0x0000000702040000}
 - source file:       'JavaNullabilityAnnotationSettings.kt'
 - class annotations:       Array<T>(0x0000026cbdabc730)
 - class type annotations:  Array<T>(0x0000000000000000)
 - field annotations:       Array<T>(0x0000000000000000)
 - field type annotations:  Array<T>(0x0000000000000000)
 - inner classes:     Array<T>(0x0000026cbdabc780)
 - nest members:     Array<T>(0x0000026cbd000028)
 - permitted subclasses:     Array<T>(0x0000026cbd000028)
 - java mirror:       a 'java/lang/Class'{0x000000070267a300} = 'org/jetbrains/kotlin/load/java/NullabilityAnnotationStates$Companion'
 - vtable length      5  (start addr: 0x00000008001001e0)
 - itable length      2 (start addr: 0x0000000800100208)
 - ---- static fields (1 words):
 - static final synthetic '$$INSTANCE' 'Lorg/jetbrains/kotlin/load/java/NullabilityAnnotationStates$Companion;' @112 
 - private static final 'EMPTY' 'Lorg/jetbrains/kotlin/load/java/NullabilityAnnotationStates;' @116 
 - ---- non-static fields (0 words):
 - non-static oop maps: 
stack at sp + 5 slots: 0x00007ffde49f674f jvm.dll
stack at sp + 6 slots: 0x0000026ca1121630 points into unknown readable memory: 0x00007ffde5044ca8 | a8 4c 04 e5 fd 7f 00 00
stack at sp + 7 slots: 0x00000080996ff9a0 points into unknown readable memory: 0x00007ffde5044cc8 | c8 4c 04 e5 fd 7f 00 00


---------------  P R O C E S S  ---------------

Threads class SMR info:
_java_thread_list=0x0000026cc22d7bc0, length=11, elements={
0x0000026ca0fa7750, 0x0000026cbc776c20, 0x0000026cbc7a7070, 0x0000026cbc7a8c40,
0x0000026cbc7b57f0, 0x0000026cbc7b6250, 0x0000026cbc7b6cb0, 0x0000026cbc7b7a40,
0x0000026cbc7baa30, 0x0000026cbc963dc0, 0x0000026cbc96ca20
}

Java Threads: ( => current thread )
  0x0000026ca0fa7750 JavaThread "main"                              [_thread_in_vm, id=11312, stack(0x0000008099300000,0x0000008099400000) (1024K)]
  0x0000026cbc776c20 JavaThread "Reference Handler"          daemon [_thread_blocked, id=10616, stack(0x0000008099b00000,0x0000008099c00000) (1024K)]
  0x0000026cbc7a7070 JavaThread "Finalizer"                  daemon [_thread_blocked, id=13132, stack(0x0000008099c00000,0x0000008099d00000) (1024K)]
  0x0000026cbc7a8c40 JavaThread "Signal Dispatcher"          daemon [_thread_blocked, id=484, stack(0x0000008099d00000,0x0000008099e00000) (1024K)]
  0x0000026cbc7b57f0 JavaThread "Attach Listener"            daemon [_thread_blocked, id=2516, stack(0x0000008099e00000,0x0000008099f00000) (1024K)]
  0x0000026cbc7b6250 JavaThread "Service Thread"             daemon [_thread_blocked, id=14284, stack(0x0000008099f00000,0x000000809a000000) (1024K)]
  0x0000026cbc7b6cb0 JavaThread "Monitor Deflation Thread"   daemon [_thread_blocked, id=10204, stack(0x000000809a000000,0x000000809a100000) (1024K)]
  0x0000026cbc7b7a40 JavaThread "C2 CompilerThread0"         daemon [_thread_in_native, id=1064, stack(0x000000809a100000,0x000000809a200000) (1024K)]
  0x0000026cbc7baa30 JavaThread "C1 CompilerThread0"         daemon [_thread_in_native, id=14000, stack(0x000000809a200000,0x000000809a300000) (1024K)]
  0x0000026cbc963dc0 JavaThread "Notification Thread"        daemon [_thread_blocked, id=5636, stack(0x000000809a300000,0x000000809a400000) (1024K)]
  0x0000026cbc96ca20 JavaThread "Common-Cleaner"             daemon [_thread_blocked, id=916, stack(0x000000809a400000,0x000000809a500000) (1024K)]
Total: 11

Other Threads:
  0x0000026cbc61b120 VMThread "VM Thread"                           [id=10324, stack(0x0000008099a00000,0x0000008099b00000) (1024K)]
  0x0000026cbc58a020 WatcherThread "VM Periodic Task Thread"        [id=4760, stack(0x0000008099900000,0x0000008099a00000) (1024K)]
  0x0000026ca110dba0 WorkerThread "GC Thread#0"                     [id=12416, stack(0x0000008099400000,0x0000008099500000) (1024K)]
  0x0000026cc14c9520 WorkerThread "GC Thread#1"                     [id=588, stack(0x000000809a600000,0x000000809a700000) (1024K)]
  0x0000026cc14cbad0 WorkerThread "GC Thread#2"                     [id=5576, stack(0x000000809a700000,0x000000809a800000) (1024K)]
  0x0000026cc14cbe70 WorkerThread "GC Thread#3"                     [id=1348, stack(0x000000809a800000,0x000000809a900000) (1024K)]
  0x0000026ca111ec40 ConcurrentGCThread "G1 Main Marker"            [id=5600, stack(0x0000008099500000,0x0000008099600000) (1024K)]
=>0x0000026ca1120750 WorkerThread "G1 Conc#0"                       [id=14004, stack(0x0000008099600000,0x0000008099700000) (1024K)]
  0x0000026ca117e710 ConcurrentGCThread "G1 Refine#0"               [id=13948, stack(0x0000008099700000,0x0000008099800000) (1024K)]
  0x0000026cbc44a5d0 ConcurrentGCThread "G1 Service"                [id=9600, stack(0x0000008099800000,0x0000008099900000) (1024K)]
Total: 10

Threads with active compile tasks:
C2 CompilerThread0    14484 8913       4       jdk.internal.org.objectweb.asm.Frame::execute (2305 bytes)
Total: 1

VM state: not at safepoint (normal execution)

VM Mutex/Monitor currently owned by a thread: None

Heap address: 0x0000000701c00000, size: 4068 MB, Compressed Oops mode: Zero based, Oop shift amount: 3

CDS archive(s) not mapped
Compressed class space mapped at: 0x0000000800000000-0x0000000840000000, reserved size: 1073741824
Narrow klass base: 0x0000000800000000, Narrow klass shift: 0, Narrow klass range: 0x40000000

GC Precious Log:
 CardTable entry size: 512
 Card Set container configuration: InlinePtr #cards 4 size 8 Array Of Cards #cards 16 size 48 Howl #buckets 8 coarsen threshold 3686 Howl Bitmap #cards 512 size 80 coarsen threshold 460 Card regions per heap region 1 cards per card region 4096
 CPUs: 4 total, 4 available
 Memory: 16267M
 Large Page Support: Disabled
 NUMA Support: Disabled
 Compressed Oops: Enabled (Zero based)
 Heap Region Size: 2M
 Heap Min Capacity: 8M
 Heap Initial Capacity: 256M
 Heap Max Capacity: 4068M
 Pre-touch: Disabled
 Parallel Workers: 4
 Concurrent Workers: 1
 Concurrent Refinement Workers: 4
 Periodic GC: Disabled

Heap:
 garbage-first heap   total 276480K, used 134568K [0x0000000701c00000, 0x0000000800000000)
  region size 2048K, 8 young (16384K), 7 survivors (14336K)
 Metaspace       used 58796K, committed 59136K, reserved 1114112K
  class space    used 6342K, committed 6528K, reserved 1048576K

Heap Regions: E=young(eden), S=young(survivor), O=old, HS=humongous(starts), HC=humongous(continues), CS=collection set, F=free, TAMS=top-at-mark-start, PB=parsable bottom
|   0|0x0000000701c00000, 0x0000000701e00000, 0x0000000701e00000|100%|HS|  |TAMS 0x0000000701e00000| PB 0x0000000701c00000| Complete 
|   1|0x0000000701e00000, 0x0000000702000000, 0x0000000702000000|100%|HC|  |TAMS 0x0000000702000000| PB 0x0000000701e00000| Complete 
|   2|0x0000000702000000, 0x0000000702200000, 0x0000000702200000|100%| O|  |TAMS 0x0000000702200000| PB 0x0000000702000000| Untracked 
|   3|0x0000000702200000, 0x0000000702400000, 0x0000000702400000|100%| O|  |TAMS 0x0000000702400000| PB 0x0000000702200000| Untracked 
|   4|0x0000000702400000, 0x0000000702600000, 0x0000000702600000|100%| O|  |TAMS 0x0000000702600000| PB 0x0000000702400000| Untracked 
|   5|0x0000000702600000, 0x0000000702800000, 0x0000000702800000|100%| O|  |TAMS 0x0000000702800000| PB 0x0000000702600000| Untracked 
|   6|0x0000000702800000, 0x0000000702a00000, 0x0000000702a00000|100%| O|  |TAMS 0x0000000702a00000| PB 0x0000000702800000| Untracked 
|   7|0x0000000702a00000, 0x0000000702c00000, 0x0000000702c00000|100%| O|  |TAMS 0x0000000702c00000| PB 0x0000000702a00000| Untracked 
|   8|0x0000000702c00000, 0x0000000702e00000, 0x0000000702e00000|100%| O|  |TAMS 0x0000000702e00000| PB 0x0000000702c00000| Untracked 
|   9|0x0000000702e00000, 0x0000000703000000, 0x0000000703000000|100%| O|  |TAMS 0x0000000703000000| PB 0x0000000702e00000| Untracked 
|  10|0x0000000703000000, 0x0000000703200000, 0x0000000703200000|100%| O|  |TAMS 0x0000000703200000| PB 0x0000000703000000| Untracked 
|  11|0x0000000703200000, 0x0000000703400000, 0x0000000703400000|100%| O|  |TAMS 0x0000000703400000| PB 0x0000000703200000| Untracked 
|  12|0x0000000703400000, 0x0000000703600000, 0x0000000703600000|100%| O|  |TAMS 0x0000000703600000| PB 0x0000000703400000| Untracked 
|  13|0x0000000703600000, 0x0000000703800000, 0x0000000703800000|100%| O|  |TAMS 0x0000000703800000| PB 0x0000000703600000| Untracked 
|  14|0x0000000703800000, 0x0000000703a00000, 0x0000000703a00000|100%| O|  |TAMS 0x0000000703a00000| PB 0x0000000703800000| Untracked 
|  15|0x0000000703a00000, 0x0000000703c00000, 0x0000000703c00000|100%| O|  |TAMS 0x0000000703c00000| PB 0x0000000703a00000| Untracked 
|  16|0x0000000703c00000, 0x0000000703e00000, 0x0000000703e00000|100%| O|  |TAMS 0x0000000703e00000| PB 0x0000000703c00000| Untracked 
|  17|0x0000000703e00000, 0x0000000704000000, 0x0000000704000000|100%| O|  |TAMS 0x0000000704000000| PB 0x0000000703e00000| Untracked 
|  18|0x0000000704000000, 0x0000000704200000, 0x0000000704200000|100%| O|  |TAMS 0x0000000704200000| PB 0x0000000704000000| Untracked 
|  19|0x0000000704200000, 0x0000000704400000, 0x0000000704400000|100%| O|  |TAMS 0x0000000704400000| PB 0x0000000704200000| Untracked 
|  20|0x0000000704400000, 0x0000000704600000, 0x0000000704600000|100%| O|  |TAMS 0x0000000704600000| PB 0x0000000704400000| Untracked 
|  21|0x0000000704600000, 0x0000000704800000, 0x0000000704800000|100%| O|  |TAMS 0x0000000704800000| PB 0x0000000704600000| Untracked 
|  22|0x0000000704800000, 0x0000000704a00000, 0x0000000704a00000|100%| O|  |TAMS 0x0000000704a00000| PB 0x0000000704800000| Untracked 
|  23|0x0000000704a00000, 0x0000000704c00000, 0x0000000704c00000|100%| O|  |TAMS 0x0000000704c00000| PB 0x0000000704a00000| Untracked 
|  24|0x0000000704c00000, 0x0000000704e00000, 0x0000000704e00000|100%| O|  |TAMS 0x0000000704e00000| PB 0x0000000704c00000| Untracked 
|  25|0x0000000704e00000, 0x0000000705000000, 0x0000000705000000|100%| O|  |TAMS 0x0000000705000000| PB 0x0000000704e00000| Untracked 
|  26|0x0000000705000000, 0x0000000705200000, 0x0000000705200000|100%| O|  |TAMS 0x0000000705200000| PB 0x0000000705000000| Untracked 
|  27|0x0000000705200000, 0x0000000705400000, 0x0000000705400000|100%| O|  |TAMS 0x0000000705400000| PB 0x0000000705200000| Untracked 
|  28|0x0000000705400000, 0x0000000705600000, 0x0000000705600000|100%| O|  |TAMS 0x0000000705600000| PB 0x0000000705400000| Untracked 
|  29|0x0000000705600000, 0x0000000705800000, 0x0000000705800000|100%| O|  |TAMS 0x0000000705800000| PB 0x0000000705600000| Untracked 
|  30|0x0000000705800000, 0x0000000705a00000, 0x0000000705a00000|100%| O|  |TAMS 0x0000000705a00000| PB 0x0000000705800000| Untracked 
|  31|0x0000000705a00000, 0x0000000705c00000, 0x0000000705c00000|100%| O|  |TAMS 0x0000000705c00000| PB 0x0000000705a00000| Untracked 
|  32|0x0000000705c00000, 0x0000000705e00000, 0x0000000705e00000|100%| O|  |TAMS 0x0000000705e00000| PB 0x0000000705c00000| Untracked 
|  33|0x0000000705e00000, 0x0000000706000000, 0x0000000706000000|100%| O|  |TAMS 0x0000000706000000| PB 0x0000000705e00000| Untracked 
|  34|0x0000000706000000, 0x0000000706200000, 0x0000000706200000|100%| O|  |TAMS 0x0000000706200000| PB 0x0000000706000000| Untracked 
|  35|0x0000000706200000, 0x0000000706400000, 0x0000000706400000|100%| O|  |TAMS 0x0000000706400000| PB 0x0000000706200000| Untracked 
|  36|0x0000000706400000, 0x0000000706600000, 0x0000000706600000|100%| O|  |TAMS 0x0000000706600000| PB 0x0000000706400000| Untracked 
|  37|0x0000000706600000, 0x0000000706800000, 0x0000000706800000|100%| O|  |TAMS 0x0000000706800000| PB 0x0000000706600000| Untracked 
|  38|0x0000000706800000, 0x0000000706a00000, 0x0000000706a00000|100%| O|  |TAMS 0x0000000706a00000| PB 0x0000000706800000| Untracked 
|  39|0x0000000706a00000, 0x0000000706c00000, 0x0000000706c00000|100%| O|  |TAMS 0x0000000706c00000| PB 0x0000000706a00000| Untracked 
|  40|0x0000000706c00000, 0x0000000706e00000, 0x0000000706e00000|100%| O|  |TAMS 0x0000000706e00000| PB 0x0000000706c00000| Untracked 
|  41|0x0000000706e00000, 0x0000000707000000, 0x0000000707000000|100%| O|  |TAMS 0x0000000707000000| PB 0x0000000706e00000| Untracked 
|  42|0x0000000707000000, 0x0000000707200000, 0x0000000707200000|100%| O|  |TAMS 0x0000000707200000| PB 0x0000000707000000| Untracked 
|  43|0x0000000707200000, 0x0000000707400000, 0x0000000707400000|100%| O|  |TAMS 0x00000007073b3358| PB 0x0000000707200000| Untracked 
|  44|0x0000000707400000, 0x0000000707600000, 0x0000000707600000|100%| O|  |TAMS 0x0000000707400000| PB 0x0000000707400000| Untracked 
|  45|0x0000000707600000, 0x0000000707800000, 0x0000000707800000|100%| O|  |TAMS 0x0000000707600000| PB 0x0000000707600000| Untracked 
|  46|0x0000000707800000, 0x0000000707a00000, 0x0000000707a00000|100%| O|  |TAMS 0x0000000707800000| PB 0x0000000707800000| Untracked 
|  47|0x0000000707a00000, 0x0000000707c00000, 0x0000000707c00000|100%| O|  |TAMS 0x0000000707a00000| PB 0x0000000707a00000| Untracked 
|  48|0x0000000707c00000, 0x0000000707e00000, 0x0000000707e00000|100%| O|  |TAMS 0x0000000707c00000| PB 0x0000000707c00000| Untracked 
|  49|0x0000000707e00000, 0x0000000708000000, 0x0000000708000000|100%| O|  |TAMS 0x0000000707e00000| PB 0x0000000707e00000| Untracked 
|  50|0x0000000708000000, 0x0000000708200000, 0x0000000708200000|100%| O|  |TAMS 0x0000000708000000| PB 0x0000000708000000| Untracked 
|  51|0x0000000708200000, 0x0000000708400000, 0x0000000708400000|100%| O|  |TAMS 0x0000000708200000| PB 0x0000000708200000| Untracked 
|  52|0x0000000708400000, 0x0000000708400000, 0x0000000708600000|  0%| F|  |TAMS 0x0000000708400000| PB 0x0000000708400000| Untracked 
|  53|0x0000000708600000, 0x0000000708600000, 0x0000000708800000|  0%| F|  |TAMS 0x0000000708600000| PB 0x0000000708600000| Untracked 
|  54|0x0000000708800000, 0x0000000708800000, 0x0000000708a00000|  0%| F|  |TAMS 0x0000000708800000| PB 0x0000000708800000| Untracked 
|  55|0x0000000708a00000, 0x0000000708a00000, 0x0000000708c00000|  0%| F|  |TAMS 0x0000000708a00000| PB 0x0000000708a00000| Untracked 
|  56|0x0000000708c00000, 0x0000000708c00000, 0x0000000708e00000|  0%| F|  |TAMS 0x0000000708c00000| PB 0x0000000708c00000| Untracked 
|  57|0x0000000708e00000, 0x0000000708e00000, 0x0000000709000000|  0%| F|  |TAMS 0x0000000708e00000| PB 0x0000000708e00000| Untracked 
|  58|0x0000000709000000, 0x0000000709000000, 0x0000000709200000|  0%| F|  |TAMS 0x0000000709000000| PB 0x0000000709000000| Untracked 
|  59|0x0000000709200000, 0x0000000709200000, 0x0000000709400000|  0%| F|  |TAMS 0x0000000709200000| PB 0x0000000709200000| Untracked 
|  60|0x0000000709400000, 0x0000000709400000, 0x0000000709600000|  0%| F|  |TAMS 0x0000000709400000| PB 0x0000000709400000| Untracked 
|  61|0x0000000709600000, 0x0000000709600000, 0x0000000709800000|  0%| F|  |TAMS 0x0000000709600000| PB 0x0000000709600000| Untracked 
|  62|0x0000000709800000, 0x0000000709800000, 0x0000000709a00000|  0%| F|  |TAMS 0x0000000709800000| PB 0x0000000709800000| Untracked 
|  63|0x0000000709a00000, 0x0000000709a00000, 0x0000000709c00000|  0%| F|  |TAMS 0x0000000709a00000| PB 0x0000000709a00000| Untracked 
|  64|0x0000000709c00000, 0x0000000709c00000, 0x0000000709e00000|  0%| F|  |TAMS 0x0000000709c00000| PB 0x0000000709c00000| Untracked 
|  65|0x0000000709e00000, 0x0000000709e00000, 0x000000070a000000|  0%| F|  |TAMS 0x0000000709e00000| PB 0x0000000709e00000| Untracked 
|  66|0x000000070a000000, 0x000000070a000000, 0x000000070a200000|  0%| F|  |TAMS 0x000000070a000000| PB 0x000000070a000000| Untracked 
|  67|0x000000070a200000, 0x000000070a200000, 0x000000070a400000|  0%| F|  |TAMS 0x000000070a200000| PB 0x000000070a200000| Untracked 
|  68|0x000000070a400000, 0x000000070a400000, 0x000000070a600000|  0%| F|  |TAMS 0x000000070a400000| PB 0x000000070a400000| Untracked 
|  69|0x000000070a600000, 0x000000070a600000, 0x000000070a800000|  0%| F|  |TAMS 0x000000070a600000| PB 0x000000070a600000| Untracked 
|  70|0x000000070a800000, 0x000000070a800000, 0x000000070aa00000|  0%| F|  |TAMS 0x000000070a800000| PB 0x000000070a800000| Untracked 
|  71|0x000000070aa00000, 0x000000070aa00000, 0x000000070ac00000|  0%| F|  |TAMS 0x000000070aa00000| PB 0x000000070aa00000| Untracked 
|  72|0x000000070ac00000, 0x000000070ac00000, 0x000000070ae00000|  0%| F|  |TAMS 0x000000070ac00000| PB 0x000000070ac00000| Untracked 
|  73|0x000000070ae00000, 0x000000070ae00000, 0x000000070b000000|  0%| F|  |TAMS 0x000000070ae00000| PB 0x000000070ae00000| Untracked 
|  74|0x000000070b000000, 0x000000070b000000, 0x000000070b200000|  0%| F|  |TAMS 0x000000070b000000| PB 0x000000070b000000| Untracked 
|  75|0x000000070b200000, 0x000000070b200000, 0x000000070b400000|  0%| F|  |TAMS 0x000000070b200000| PB 0x000000070b200000| Untracked 
|  76|0x000000070b400000, 0x000000070b400000, 0x000000070b600000|  0%| F|  |TAMS 0x000000070b400000| PB 0x000000070b400000| Untracked 
|  77|0x000000070b600000, 0x000000070b600000, 0x000000070b800000|  0%| F|  |TAMS 0x000000070b600000| PB 0x000000070b600000| Untracked 
|  78|0x000000070b800000, 0x000000070b800000, 0x000000070ba00000|  0%| F|  |TAMS 0x000000070b800000| PB 0x000000070b800000| Untracked 
|  79|0x000000070ba00000, 0x000000070ba00000, 0x000000070bc00000|  0%| F|  |TAMS 0x000000070ba00000| PB 0x000000070ba00000| Untracked 
|  80|0x000000070bc00000, 0x000000070bc00000, 0x000000070be00000|  0%| F|  |TAMS 0x000000070bc00000| PB 0x000000070bc00000| Untracked 
|  81|0x000000070be00000, 0x000000070be00000, 0x000000070c000000|  0%| F|  |TAMS 0x000000070be00000| PB 0x000000070be00000| Untracked 
|  82|0x000000070c000000, 0x000000070c000000, 0x000000070c200000|  0%| F|  |TAMS 0x000000070c000000| PB 0x000000070c000000| Untracked 
|  83|0x000000070c200000, 0x000000070c200000, 0x000000070c400000|  0%| F|  |TAMS 0x000000070c200000| PB 0x000000070c200000| Untracked 
|  84|0x000000070c400000, 0x000000070c56a370, 0x000000070c600000| 70%| S|CS|TAMS 0x000000070c400000| PB 0x000000070c400000| Complete 
|  85|0x000000070c600000, 0x000000070c800000, 0x000000070c800000|100%| S|CS|TAMS 0x000000070c600000| PB 0x000000070c600000| Complete 
|  86|0x000000070c800000, 0x000000070ca00000, 0x000000070ca00000|100%| S|CS|TAMS 0x000000070c800000| PB 0x000000070c800000| Complete 
|  87|0x000000070ca00000, 0x000000070cc00000, 0x000000070cc00000|100%| S|CS|TAMS 0x000000070ca00000| PB 0x000000070ca00000| Complete 
|  88|0x000000070cc00000, 0x000000070ce00000, 0x000000070ce00000|100%| S|CS|TAMS 0x000000070cc00000| PB 0x000000070cc00000| Complete 
|  89|0x000000070ce00000, 0x000000070d000000, 0x000000070d000000|100%| S|CS|TAMS 0x000000070ce00000| PB 0x000000070ce00000| Complete 
|  90|0x000000070d000000, 0x000000070d200000, 0x000000070d200000|100%| S|CS|TAMS 0x000000070d000000| PB 0x000000070d000000| Complete 
|  91|0x000000070d200000, 0x000000070d200000, 0x000000070d400000|  0%| F|  |TAMS 0x000000070d200000| PB 0x000000070d200000| Untracked 
|  92|0x000000070d400000, 0x000000070d400000, 0x000000070d600000|  0%| F|  |TAMS 0x000000070d400000| PB 0x000000070d400000| Untracked 
|  93|0x000000070d600000, 0x000000070d600000, 0x000000070d800000|  0%| F|  |TAMS 0x000000070d600000| PB 0x000000070d600000| Untracked 
|  94|0x000000070d800000, 0x000000070d800000, 0x000000070da00000|  0%| F|  |TAMS 0x000000070d800000| PB 0x000000070d800000| Untracked 
|  95|0x000000070da00000, 0x000000070da00000, 0x000000070dc00000|  0%| F|  |TAMS 0x000000070da00000| PB 0x000000070da00000| Untracked 
|  96|0x000000070dc00000, 0x000000070dc00000, 0x000000070de00000|  0%| F|  |TAMS 0x000000070dc00000| PB 0x000000070dc00000| Untracked 
|  97|0x000000070de00000, 0x000000070de00000, 0x000000070e000000|  0%| F|  |TAMS 0x000000070de00000| PB 0x000000070de00000| Untracked 
|  98|0x000000070e000000, 0x000000070e000000, 0x000000070e200000|  0%| F|  |TAMS 0x000000070e000000| PB 0x000000070e000000| Untracked 
|  99|0x000000070e200000, 0x000000070e200000, 0x000000070e400000|  0%| F|  |TAMS 0x000000070e200000| PB 0x000000070e200000| Untracked 
| 100|0x000000070e400000, 0x000000070e400000, 0x000000070e600000|  0%| F|  |TAMS 0x000000070e400000| PB 0x000000070e400000| Untracked 
| 101|0x000000070e600000, 0x000000070e600000, 0x000000070e800000|  0%| F|  |TAMS 0x000000070e600000| PB 0x000000070e600000| Untracked 
| 102|0x000000070e800000, 0x000000070e800000, 0x000000070ea00000|  0%| F|  |TAMS 0x000000070e800000| PB 0x000000070e800000| Untracked 
| 103|0x000000070ea00000, 0x000000070ea00000, 0x000000070ec00000|  0%| F|  |TAMS 0x000000070ea00000| PB 0x000000070ea00000| Untracked 
| 104|0x000000070ec00000, 0x000000070ec00000, 0x000000070ee00000|  0%| F|  |TAMS 0x000000070ec00000| PB 0x000000070ec00000| Untracked 
| 105|0x000000070ee00000, 0x000000070ee00000, 0x000000070f000000|  0%| F|  |TAMS 0x000000070ee00000| PB 0x000000070ee00000| Untracked 
| 106|0x000000070f000000, 0x000000070f000000, 0x000000070f200000|  0%| F|  |TAMS 0x000000070f000000| PB 0x000000070f000000| Untracked 
| 107|0x000000070f200000, 0x000000070f200000, 0x000000070f400000|  0%| F|  |TAMS 0x000000070f200000| PB 0x000000070f200000| Untracked 
| 108|0x000000070f400000, 0x000000070f400000, 0x000000070f600000|  0%| F|  |TAMS 0x000000070f400000| PB 0x000000070f400000| Untracked 
| 109|0x000000070f600000, 0x000000070f600000, 0x000000070f800000|  0%| F|  |TAMS 0x000000070f600000| PB 0x000000070f600000| Untracked 
| 110|0x000000070f800000, 0x000000070f800000, 0x000000070fa00000|  0%| F|  |TAMS 0x000000070f800000| PB 0x000000070f800000| Untracked 
| 111|0x000000070fa00000, 0x000000070fa00000, 0x000000070fc00000|  0%| F|  |TAMS 0x000000070fa00000| PB 0x000000070fa00000| Untracked 
| 112|0x000000070fc00000, 0x000000070fc00000, 0x000000070fe00000|  0%| F|  |TAMS 0x000000070fc00000| PB 0x000000070fc00000| Untracked 
| 113|0x000000070fe00000, 0x000000070fe00000, 0x0000000710000000|  0%| F|  |TAMS 0x000000070fe00000| PB 0x000000070fe00000| Untracked 
| 114|0x0000000710000000, 0x0000000710000000, 0x0000000710200000|  0%| F|  |TAMS 0x0000000710000000| PB 0x0000000710000000| Untracked 
| 115|0x0000000710200000, 0x0000000710200000, 0x0000000710400000|  0%| F|  |TAMS 0x0000000710200000| PB 0x0000000710200000| Untracked 
| 116|0x0000000710400000, 0x0000000710400000, 0x0000000710600000|  0%| F|  |TAMS 0x0000000710400000| PB 0x0000000710400000| Untracked 
| 117|0x0000000710600000, 0x0000000710600000, 0x0000000710800000|  0%| F|  |TAMS 0x0000000710600000| PB 0x0000000710600000| Untracked 
| 118|0x0000000710800000, 0x0000000710800000, 0x0000000710a00000|  0%| F|  |TAMS 0x0000000710800000| PB 0x0000000710800000| Untracked 
| 119|0x0000000710a00000, 0x0000000710a00000, 0x0000000710c00000|  0%| F|  |TAMS 0x0000000710a00000| PB 0x0000000710a00000| Untracked 
| 120|0x0000000710c00000, 0x0000000710c00000, 0x0000000710e00000|  0%| F|  |TAMS 0x0000000710c00000| PB 0x0000000710c00000| Untracked 
| 121|0x0000000710e00000, 0x0000000710e00000, 0x0000000711000000|  0%| F|  |TAMS 0x0000000710e00000| PB 0x0000000710e00000| Untracked 
| 122|0x0000000711000000, 0x0000000711000000, 0x0000000711200000|  0%| F|  |TAMS 0x0000000711000000| PB 0x0000000711000000| Untracked 
| 123|0x0000000711200000, 0x0000000711200000, 0x0000000711400000|  0%| F|  |TAMS 0x0000000711200000| PB 0x0000000711200000| Untracked 
| 124|0x0000000711400000, 0x0000000711400000, 0x0000000711600000|  0%| F|  |TAMS 0x0000000711400000| PB 0x0000000711400000| Untracked 
| 125|0x0000000711600000, 0x0000000711600000, 0x0000000711800000|  0%| F|  |TAMS 0x0000000711600000| PB 0x0000000711600000| Untracked 
| 126|0x0000000711800000, 0x0000000711800000, 0x0000000711a00000|  0%| F|  |TAMS 0x0000000711800000| PB 0x0000000711800000| Untracked 
| 127|0x0000000711a00000, 0x0000000711c00000, 0x0000000711c00000|100%| E|  |TAMS 0x0000000711a00000| PB 0x0000000711a00000| Complete 
|2027|0x00000007ff200000, 0x00000007ff400000, 0x00000007ff400000|100%| O|  |TAMS 0x00000007ff400000| PB 0x00000007ff200000| Untracked 
|2028|0x00000007ff400000, 0x00000007ff600000, 0x00000007ff600000|100%| O|  |TAMS 0x00000007ff600000| PB 0x00000007ff400000| Untracked 
|2029|0x00000007ff600000, 0x00000007ff800000, 0x00000007ff800000|100%| O|  |TAMS 0x00000007ff800000| PB 0x00000007ff600000| Untracked 
|2030|0x00000007ff800000, 0x00000007ffa00000, 0x00000007ffa00000|100%| O|  |TAMS 0x00000007ffa00000| PB 0x00000007ff800000| Untracked 
|2031|0x00000007ffa00000, 0x00000007ffc00000, 0x00000007ffc00000|100%| O|  |TAMS 0x00000007ffc00000| PB 0x00000007ffa00000| Untracked 
|2032|0x00000007ffc00000, 0x00000007ffe00000, 0x00000007ffe00000|100%| O|  |TAMS 0x00000007ffe00000| PB 0x00000007ffc00000| Untracked 
|2033|0x00000007ffe00000, 0x0000000800000000, 0x0000000800000000|100%| O|  |TAMS 0x0000000800000000| PB 0x00000007ffe00000| Untracked 

Card table byte_map: [0x0000026cb5800000,0x0000026cb6000000] _byte_map_base: 0x0000026cb1ff2000

Marking Bits: (CMBitMap*) 0x0000026ca110df50
 Bits: [0x0000026cb6000000, 0x0000026cb9f90000)

Polling page: 0x0000026ca0f60000

Metaspace:

Usage:
  Non-class:     51.23 MB used.
      Class:      6.19 MB used.
       Both:     57.42 MB used.

Virtual space:
  Non-class space:       64.00 MB reserved,      51.38 MB ( 80%) committed,  1 nodes.
      Class space:        1.00 GB reserved,       6.38 MB ( <1%) committed,  1 nodes.
             Both:        1.06 GB reserved,      57.75 MB (  5%) committed. 

Chunk freelists:
   Non-Class:  11.84 MB
       Class:  9.61 MB
        Both:  21.45 MB

MaxMetaspaceSize: unlimited
CompressedClassSpaceSize: 1.00 GB
Initial GC threshold: 21.00 MB
Current GC threshold: 59.38 MB
CDS: off
 - commit_granule_bytes: 65536.
 - commit_granule_words: 8192.
 - virtual_space_node_default_size: 8388608.
 - enlarge_chunks_in_place: 1.
 - use_allocation_guard: 0.


Internal statistics:

num_allocs_failed_limit: 9.
num_arena_births: 302.
num_arena_deaths: 0.
num_vsnodes_births: 2.
num_vsnodes_deaths: 0.
num_space_committed: 922.
num_space_uncommitted: 0.
num_chunks_returned_to_freelist: 9.
num_chunks_taken_from_freelist: 2096.
num_chunk_merges: 9.
num_chunk_splits: 1712.
num_chunks_enlarged: 1533.
num_inconsistent_stats: 0.

CodeHeap 'non-profiled nmethods': size=120000Kb used=6662Kb max_used=6662Kb free=113337Kb
 bounds [0x0000026cad4b0000, 0x0000026cadb40000, 0x0000026cb49e0000]
CodeHeap 'profiled nmethods': size=120000Kb used=29855Kb max_used=29855Kb free=90144Kb
 bounds [0x0000026ca59e0000, 0x0000026ca7710000, 0x0000026cacf10000]
CodeHeap 'non-nmethods': size=5760Kb used=1616Kb max_used=1661Kb free=4143Kb
 bounds [0x0000026cacf10000, 0x0000026cad180000, 0x0000026cad4b0000]
 total_blobs=9447 nmethods=8779 adapters=571
 compilation: enabled
              stopped_count=0, restarted_count=0
 full_count=0

Compilation events (20 events):
Event: 14.411 Thread 0x0000026cbc7baa30 nmethod 8883 0x0000026ca76de890 code [0x0000026ca76dea60, 0x0000026ca76ded70]
Event: 14.411 Thread 0x0000026cbc7baa30 8884       3       org.jetbrains.kotlin.fir.resolve.calls.FirCallResolver::createResolvedNamedReference$default (66 bytes)
Event: 14.412 Thread 0x0000026cbc7baa30 nmethod 8884 0x0000026ca76dee90 code [0x0000026ca76df040, 0x0000026ca76df2e8]
Event: 14.412 Thread 0x0000026cbc7baa30 8885       3       org.jetbrains.kotlin.fir.resolve.calls.FirCallResolver::createResolvedNamedReference (1128 bytes)
Event: 14.418 Thread 0x0000026cbc7b7a40 8892       4       kotlin.collections.builders.ListBuilder::add (15 bytes)
Event: 14.420 Thread 0x0000026cbc7baa30 nmethod 8885 0x0000026ca76df410 code [0x0000026ca76e0600, 0x0000026ca76ec410]
Event: 14.420 Thread 0x0000026cbc7baa30 8888       1       org.jetbrains.kotlin.fir.declarations.builder.FirConstructorBuilder::getValueParameters (5 bytes)
Event: 14.420 Thread 0x0000026cbc7baa30 nmethod 8888 0x0000026cadb2d910 code [0x0000026cadb2daa0, 0x0000026cadb2db70]
Event: 14.420 Thread 0x0000026cbc7baa30 8889       1       org.jetbrains.kotlin.fir.declarations.builder.FirConstructorBuilder::getSource (5 bytes)
Event: 14.420 Thread 0x0000026cbc7baa30 nmethod 8889 0x0000026cadb2dc10 code [0x0000026cadb2dda0, 0x0000026cadb2de70]
Event: 14.420 Thread 0x0000026cbc7baa30 8890       1       org.jetbrains.kotlin.load.java.structure.impl.classFiles.BinaryJavaClass::isFromSource (2 bytes)
Event: 14.420 Thread 0x0000026cbc7baa30 nmethod 8890 0x0000026cadb2df10 code [0x0000026cadb2e0a0, 0x0000026cadb2e168]
Event: 14.420 Thread 0x0000026cbc7baa30 8881       3       org.jetbrains.kotlin.fir.resolve.substitution.ConeSubstitutor$Empty::substituteOrNull (8 bytes)
Event: 14.420 Thread 0x0000026cbc7baa30 nmethod 8881 0x0000026ca76f0510 code [0x0000026ca76f0720, 0x0000026ca76f0cc8]
Event: 14.420 Thread 0x0000026cbc7baa30 8891       1       org.jetbrains.kotlin.fir.java.enhancement.EnhancementSignatureParts::getForceOnlyHeadTypeConstructor (5 bytes)
Event: 14.420 Thread 0x0000026cbc7baa30 nmethod 8891 0x0000026cadb2e210 code [0x0000026cadb2e3a0, 0x0000026cadb2e470]
Event: 14.421 Thread 0x0000026cbc7baa30 8893       3       org.jetbrains.kotlin.util.capitalizeDecapitalize.CapitalizeDecapitalizeKt::decapitalizeSmartForCompiler (294 bytes)
Event: 14.422 Thread 0x0000026cbc7b7a40 nmethod 8892 0x0000026cadb2e510 code [0x0000026cadb2e6e0, 0x0000026cadb2ec38]
Event: 14.423 Thread 0x0000026cbc7baa30 nmethod 8893 0x0000026ca76f0f10 code [0x0000026ca76f1540, 0x0000026ca76f4078]
Event: 14.430 Thread 0x0000026cbc7baa30 8894       3       org.jetbrains.kotlin.fir.resolve.calls.stages.CreateFreshTypeVariableSubstitutorStageKt::getTypeParameterFromExpandedClass (241 bytes)

GC Heap History (20 events):
Event: 1.824 GC heap before
{Heap before GC invocations=5 (full 0):
 garbage-first heap   total 53248K, used 33939K [0x0000000701c00000, 0x0000000800000000)
  region size 2048K, 14 young (28672K), 6 survivors (12288K)
 Metaspace       used 25189K, committed 25472K, reserved 1114112K
  class space    used 2644K, committed 2752K, reserved 1048576K
}
Event: 1.842 GC heap after
{Heap after GC invocations=6 (full 0):
 garbage-first heap   total 55296K, used 24576K [0x0000000701c00000, 0x0000000800000000)
  region size 2048K, 2 young (4096K), 2 survivors (4096K)
 Metaspace       used 25189K, committed 25472K, reserved 1114112K
  class space    used 2644K, committed 2752K, reserved 1048576K
}
Event: 2.161 GC heap before
{Heap before GC invocations=6 (full 0):
 garbage-first heap   total 55296K, used 38912K [0x0000000701c00000, 0x0000000800000000)
  region size 2048K, 9 young (18432K), 2 survivors (4096K)
 Metaspace       used 27599K, committed 27904K, reserved 1114112K
  class space    used 2898K, committed 3008K, reserved 1048576K
}
Event: 2.168 GC heap after
{Heap after GC invocations=7 (full 0):
 garbage-first heap   total 55296K, used 27121K [0x0000000701c00000, 0x0000000800000000)
  region size 2048K, 2 young (4096K), 2 survivors (4096K)
 Metaspace       used 27599K, committed 27904K, reserved 1114112K
  class space    used 2898K, committed 3008K, reserved 1048576K
}
Event: 2.310 GC heap before
{Heap before GC invocations=7 (full 0):
 garbage-first heap   total 55296K, used 39409K [0x0000000701c00000, 0x0000000800000000)
  region size 2048K, 8 young (16384K), 2 survivors (4096K)
 Metaspace       used 28744K, committed 28992K, reserved 1114112K
  class space    used 3011K, committed 3136K, reserved 1048576K
}
Event: 2.316 GC heap after
{Heap after GC invocations=8 (full 0):
 garbage-first heap   total 159744K, used 29222K [0x0000000701c00000, 0x0000000800000000)
  region size 2048K, 1 young (2048K), 1 survivors (2048K)
 Metaspace       used 28744K, committed 28992K, reserved 1114112K
  class space    used 3011K, committed 3136K, reserved 1048576K
}
Event: 2.932 GC heap before
{Heap before GC invocations=8 (full 0):
 garbage-first heap   total 159744K, used 53798K [0x0000000701c00000, 0x0000000800000000)
  region size 2048K, 15 young (30720K), 1 survivors (2048K)
 Metaspace       used 35785K, committed 35968K, reserved 1114112K
  class space    used 4260K, committed 4352K, reserved 1048576K
}
Event: 2.938 GC heap after
{Heap after GC invocations=9 (full 0):
 garbage-first heap   total 159744K, used 32581K [0x0000000701c00000, 0x0000000800000000)
  region size 2048K, 3 young (6144K), 3 survivors (6144K)
 Metaspace       used 35785K, committed 35968K, reserved 1114112K
  class space    used 4260K, committed 4352K, reserved 1048576K
}
Event: 4.890 GC heap before
{Heap before GC invocations=10 (full 0):
 garbage-first heap   total 116736K, used 114501K [0x0000000701c00000, 0x0000000800000000)
  region size 2048K, 43 young (88064K), 3 survivors (6144K)
 Metaspace       used 43565K, committed 43840K, reserved 1114112K
  class space    used 4963K, committed 5056K, reserved 1048576K
}
Event: 4.928 GC heap after
{Heap after GC invocations=11 (full 0):
 garbage-first heap   total 141312K, used 50274K [0x0000000701c00000, 0x0000000800000000)
  region size 2048K, 6 young (12288K), 6 survivors (12288K)
 Metaspace       used 43565K, committed 43840K, reserved 1114112K
  class space    used 4963K, committed 5056K, reserved 1048576K
}
Event: 4.966 GC heap before
{Heap before GC invocations=11 (full 0):
 garbage-first heap   total 141312K, used 52322K [0x0000000701c00000, 0x0000000800000000)
  region size 2048K, 7 young (14336K), 6 survivors (12288K)
 Metaspace       used 43575K, committed 43840K, reserved 1114112K
  class space    used 4963K, committed 5056K, reserved 1048576K
}
Event: 4.980 GC heap after
{Heap after GC invocations=12 (full 0):
 garbage-first heap   total 141312K, used 52722K [0x0000000701c00000, 0x0000000800000000)
  region size 2048K, 1 young (2048K), 1 survivors (2048K)
 Metaspace       used 43575K, committed 43840K, reserved 1114112K
  class space    used 4963K, committed 5056K, reserved 1048576K
}
Event: 5.730 GC heap before
{Heap before GC invocations=12 (full 0):
 garbage-first heap   total 141312K, used 97778K [0x0000000701c00000, 0x0000000800000000)
  region size 2048K, 23 young (47104K), 1 survivors (2048K)
 Metaspace       used 43945K, committed 44160K, reserved 1114112K
  class space    used 4982K, committed 5056K, reserved 1048576K
}
Event: 5.745 GC heap after
{Heap after GC invocations=13 (full 0):
 garbage-first heap   total 276480K, used 66275K [0x0000000701c00000, 0x0000000800000000)
  region size 2048K, 3 young (6144K), 3 survivors (6144K)
 Metaspace       used 43945K, committed 44160K, reserved 1114112K
  class space    used 4982K, committed 5056K, reserved 1048576K
}
Event: 9.600 GC heap before
{Heap before GC invocations=13 (full 0):
 garbage-first heap   total 276480K, used 191203K [0x0000000701c00000, 0x0000000800000000)
  region size 2048K, 65 young (133120K), 3 survivors (6144K)
 Metaspace       used 51559K, committed 51904K, reserved 1114112K
  class space    used 5674K, committed 5824K, reserved 1048576K
}
Event: 9.626 GC heap after
{Heap after GC invocations=14 (full 0):
 garbage-first heap   total 276480K, used 96024K [0x0000000701c00000, 0x0000000800000000)
  region size 2048K, 9 young (18432K), 9 survivors (18432K)
 Metaspace       used 51559K, committed 51904K, reserved 1114112K
  class space    used 5674K, committed 5824K, reserved 1048576K
}
Event: 10.738 GC heap before
{Heap before GC invocations=14 (full 0):
 garbage-first heap   total 276480K, used 186136K [0x0000000701c00000, 0x0000000800000000)
  region size 2048K, 53 young (108544K), 9 survivors (18432K)
 Metaspace       used 52416K, committed 52736K, reserved 1114112K
  class space    used 5722K, committed 5888K, reserved 1048576K
}
Event: 10.760 GC heap after
{Heap after GC invocations=15 (full 0):
 garbage-first heap   total 276480K, used 118476K [0x0000000701c00000, 0x0000000800000000)
  region size 2048K, 7 young (14336K), 7 survivors (14336K)
 Metaspace       used 52416K, committed 52736K, reserved 1114112K
  class space    used 5722K, committed 5888K, reserved 1048576K
}
Event: 14.335 GC heap before
{Heap before GC invocations=15 (full 0):
 garbage-first heap   total 276480K, used 192204K [0x0000000701c00000, 0x0000000800000000)
  region size 2048K, 44 young (90112K), 7 survivors (14336K)
 Metaspace       used 58699K, committed 59008K, reserved 1114112K
  class space    used 6333K, committed 6464K, reserved 1048576K
}
Event: 14.353 GC heap after
{Heap after GC invocations=16 (full 0):
 garbage-first heap   total 276480K, used 134568K [0x0000000701c00000, 0x0000000800000000)
  region size 2048K, 7 young (14336K), 7 survivors (14336K)
 Metaspace       used 58699K, committed 59008K, reserved 1114112K
  class space    used 6333K, committed 6464K, reserved 1048576K
}

Dll operation events (3 events):
Event: 0.006 Loaded shared library C:\Program Files\Android\Android Studio\jbr\bin\java.dll
Event: 0.011 Loaded shared library C:\Program Files\Android\Android Studio\jbr\bin\zip.dll
Event: 1.513 Loaded shared library C:\Program Files\Android\Android Studio\jbr\bin\verify.dll

Deoptimization events (20 events):
Event: 12.773 Thread 0x0000026ca0fa7750 DEOPT PACKING pc=0x0000026cad950b40 sp=0x00000080993f8710
Event: 12.773 Thread 0x0000026ca0fa7750 DEOPT UNPACKING pc=0x0000026cacf646a2 sp=0x00000080993f86c8 mode 2
Event: 13.544 Thread 0x0000026ca0fa7750 DEOPT PACKING pc=0x0000026ca66e8df3 sp=0x00000080993fa8c0
Event: 13.544 Thread 0x0000026ca0fa7750 DEOPT UNPACKING pc=0x0000026cacf64e42 sp=0x00000080993f9d80 mode 0
Event: 13.557 Thread 0x0000026ca0fa7750 Uncommon trap: trap_request=0xffffff3d fr.pc=0x0000026cad82a3bc relative=0x000000000000011c
Event: 13.557 Thread 0x0000026ca0fa7750 Uncommon trap: reason=unstable_fused_if action=reinterpret pc=0x0000026cad82a3bc method=kotlin.collections.builders.ListBuilder.ensureCapacityInternal(I)V @ 1 c2
Event: 13.557 Thread 0x0000026ca0fa7750 DEOPT PACKING pc=0x0000026cad82a3bc sp=0x00000080993fb3a0
Event: 13.557 Thread 0x0000026ca0fa7750 DEOPT UNPACKING pc=0x0000026cacf646a2 sp=0x00000080993fb260 mode 2
Event: 13.557 Thread 0x0000026ca0fa7750 Uncommon trap: trap_request=0xffffff3d fr.pc=0x0000026cad824e10 relative=0x0000000000000070
Event: 13.557 Thread 0x0000026ca0fa7750 Uncommon trap: reason=unstable_fused_if action=reinterpret pc=0x0000026cad824e10 method=kotlin.collections.builders.ListBuilder.ensureCapacityInternal(I)V @ 1 c2
Event: 13.557 Thread 0x0000026ca0fa7750 DEOPT PACKING pc=0x0000026cad824e10 sp=0x00000080993fb5b0
Event: 13.557 Thread 0x0000026ca0fa7750 DEOPT UNPACKING pc=0x0000026cacf646a2 sp=0x00000080993fb548 mode 2
Event: 13.941 Thread 0x0000026ca0fa7750 Uncommon trap: trap_request=0xffffffde fr.pc=0x0000026cada73f54 relative=0x0000000000003bf4
Event: 13.941 Thread 0x0000026ca0fa7750 Uncommon trap: reason=class_check action=maybe_recompile pc=0x0000026cada73f54 method=org.jetbrains.kotlin.fir.declarations.DeprecationUtilsKt.extractDeprecationAnnotationInfoPerUseSite(Ljava/util/List;ZLorg/jetbrains/kotlin/fir/FirSession;Ljava/util/List
Event: 13.941 Thread 0x0000026ca0fa7750 DEOPT PACKING pc=0x0000026cada73f54 sp=0x00000080993f99a0
Event: 13.941 Thread 0x0000026ca0fa7750 DEOPT UNPACKING pc=0x0000026cacf646a2 sp=0x00000080993f98f0 mode 2
Event: 14.090 Thread 0x0000026ca0fa7750 Uncommon trap: trap_request=0xffffff45 fr.pc=0x0000026cadacf724 relative=0x0000000000000384
Event: 14.090 Thread 0x0000026ca0fa7750 Uncommon trap: reason=unstable_if action=reinterpret pc=0x0000026cadacf724 method=org.jetbrains.kotlin.fir.types.ConeInferenceContext.containsInternal(Lorg/jetbrains/kotlin/types/model/KotlinTypeMarker;Lkotlin/jvm/functions/Function1;)Z @ 300 c2
Event: 14.090 Thread 0x0000026ca0fa7750 DEOPT PACKING pc=0x0000026cadacf724 sp=0x00000080993faf00
Event: 14.090 Thread 0x0000026ca0fa7750 DEOPT UNPACKING pc=0x0000026cacf646a2 sp=0x00000080993fae90 mode 2

Classes loaded (20 events):
Event: 7.893 Loading class java/lang/Deprecated
Event: 7.893 Loading class java/lang/Deprecated done
Event: 7.893 Loading class java/lang/Override
Event: 7.893 Loading class java/lang/Override done
Event: 8.558 Loading class java/util/ArrayList$SubList$1
Event: 8.558 Loading class java/util/ArrayList$SubList$1 done
Event: 8.862 Loading class java/util/AbstractList$ListItr
Event: 8.862 Loading class java/util/AbstractList$ListItr done
Event: 10.316 Loading class java/util/AbstractMap$SimpleImmutableEntry
Event: 10.316 Loading class java/util/AbstractMap$SimpleImmutableEntry done
Event: 10.897 Loading class java/util/RegularEnumSet$EnumSetIterator
Event: 10.897 Loading class java/util/RegularEnumSet$EnumSetIterator done
Event: 11.533 Loading class java/security/CodeSigner
Event: 11.533 Loading class java/security/CodeSigner done
Event: 11.644 Loading class java/util/AbstractList$RandomAccessSubList
Event: 11.644 Loading class java/util/AbstractList$SubList
Event: 11.644 Loading class java/util/AbstractList$SubList done
Event: 11.644 Loading class java/util/AbstractList$RandomAccessSubList done
Event: 11.667 Loading class java/util/AbstractList$SubList$1
Event: 11.667 Loading class java/util/AbstractList$SubList$1 done

Classes unloaded (0 events):
No events

Classes redefined (0 events):
No events

Internal exceptions (20 events):
Event: 3.412 Thread 0x0000026ca0fa7750 Exception <a 'java/lang/NoSuchMethodError'{0x0000000707197078}: 'int java.lang.invoke.DirectMethodHandle$Holder.invokeStaticInit(java.lang.Object, int)'> (0x0000000707197078) 
thrown [s\src\hotspot\share\interpreter\linkResolver.cpp, line 784]
Event: 3.495 Thread 0x0000026ca0fa7750 Exception <a 'java/lang/NoSuchMethodError'{0x0000000706cfd1c8}: 'java.lang.Object java.lang.invoke.DirectMethodHandle$Holder.newInvokeSpecial(java.lang.Object, java.lang.Object, java.lang.Object, java.lang.Object, java.lang.Object, java.lang.Object)'> (0x0000000706cfd1c8) 
thrown [s\src\hotspot\share\interpreter\linkResolver.cpp, line 784]
Event: 3.582 Thread 0x0000026ca0fa7750 Implicit null exception at 0x0000026cad5cfee3 to 0x0000026cad5cff75
Event: 3.645 Thread 0x0000026ca0fa7750 Exception <a 'java/lang/NoSuchMethodError'{0x0000000706bb9398}: 'java.lang.Object java.lang.invoke.DirectMethodHandle$Holder.newInvokeSpecial(java.lang.Object, java.lang.Object, java.lang.Object, int)'> (0x0000000706bb9398) 
thrown [s\src\hotspot\share\interpreter\linkResolver.cpp, line 784]
Event: 3.646 Thread 0x0000026ca0fa7750 Exception <a 'java/lang/NoSuchMethodError'{0x0000000706bbd2e8}: 'java.lang.Object java.lang.invoke.DirectMethodHandle$Holder.invokeSpecial(java.lang.Object, java.lang.Object, java.lang.Object, java.lang.Object, int)'> (0x0000000706bbd2e8) 
thrown [s\src\hotspot\share\interpreter\linkResolver.cpp, line 784]
Event: 3.646 Thread 0x0000026ca0fa7750 Exception <a 'java/lang/NoSuchMethodError'{0x0000000706bc0790}: 'java.lang.Object java.lang.invoke.Invokers$Holder.linkToTargetMethod(java.lang.Object, java.lang.Object, int, java.lang.Object)'> (0x0000000706bc0790) 
thrown [s\src\hotspot\share\interpreter\linkResolver.cpp, line 784]
Event: 6.081 Thread 0x0000026ca0fa7750 Implicit null exception at 0x0000026cad6a3d4c to 0x0000026cad6a6880
Event: 6.644 Thread 0x0000026ca0fa7750 Implicit null exception at 0x0000026cad57318d to 0x0000026cad573a08
Event: 7.661 Thread 0x0000026ca0fa7750 Exception <a 'java/lang/NoSuchMethodError'{0x000000070e9cc700}: 'java.lang.Object java.lang.invoke.DirectMethodHandle$Holder.newInvokeSpecial(java.lang.Object, java.lang.Object, java.lang.Object, int, java.lang.Object)'> (0x000000070e9cc700) 
thrown [s\src\hotspot\share\interpreter\linkResolver.cpp, line 784]
Event: 8.001 Thread 0x0000026ca0fa7750 Implicit null exception at 0x0000026cad82dfe9 to 0x0000026cad82e7d2
Event: 8.001 Thread 0x0000026ca0fa7750 Implicit null exception at 0x0000026cad4f00bd to 0x0000026cad4f0141
Event: 8.001 Thread 0x0000026ca0fa7750 Implicit null exception at 0x0000026cad7e7e27 to 0x0000026cad7e80d4
Event: 11.684 Thread 0x0000026ca0fa7750 Exception <a 'java/lang/NoSuchMethodError'{0x000000071011dd00}: 'java.lang.Object java.lang.invoke.DirectMethodHandle$Holder.newInvokeSpecial(java.lang.Object, java.lang.Object, java.lang.Object, java.lang.Object, int)'> (0x000000071011dd00) 
thrown [s\src\hotspot\share\interpreter\linkResolver.cpp, line 784]
Event: 11.686 Thread 0x0000026ca0fa7750 Exception <a 'java/lang/NoSuchMethodError'{0x0000000710122108}: 'java.lang.Object java.lang.invoke.DirectMethodHandle$Holder.invokeSpecial(java.lang.Object, java.lang.Object, java.lang.Object, java.lang.Object, java.lang.Object, int)'> (0x0000000710122108) 
thrown [s\src\hotspot\share\interpreter\linkResolver.cpp, line 784]
Event: 11.687 Thread 0x0000026ca0fa7750 Exception <a 'java/lang/NoSuchMethodError'{0x0000000710125e38}: 'java.lang.Object java.lang.invoke.Invokers$Holder.linkToTargetMethod(java.lang.Object, java.lang.Object, java.lang.Object, int, java.lang.Object)'> (0x0000000710125e38) 
thrown [s\src\hotspot\share\interpreter\linkResolver.cpp, line 784]
Event: 11.699 Thread 0x0000026ca0fa7750 Exception <a 'java/lang/NoSuchMethodError'{0x00000007101509e8}: 'java.lang.Object java.lang.invoke.DirectMethodHandle$Holder.newInvokeSpecial(java.lang.Object, java.lang.Object, java.lang.Object, java.lang.Object, int, java.lang.Object, java.lang.Object)'> (0x00000007101509e8) 
thrown [s\src\hotspot\share\interpreter\linkResolver.cpp, line 784]
Event: 11.700 Thread 0x0000026ca0fa7750 Exception <a 'java/lang/NoSuchMethodError'{0x0000000710158b78}: 'java.lang.Object java.lang.invoke.Invokers$Holder.linkToTargetMethod(java.lang.Object, java.lang.Object, java.lang.Object, int, java.lang.Object, java.lang.Object, java.lang.Object)'> (0x0000000710158b78) 
thrown [s\src\hotspot\share\interpreter\linkResolver.cpp, line 784]
Event: 11.764 Thread 0x0000026ca0fa7750 Exception <a 'java/lang/NoSuchMethodError'{0x000000070ffa0730}: 'java.lang.Object java.lang.invoke.DirectMethodHandle$Holder.newInvokeSpecial(java.lang.Object, java.lang.Object, java.lang.Object, java.lang.Object, java.lang.Object, java.lang.Object, java.lang.Object, java.lang.Object, java.lang.Object)'> (0x000000070ffa0730) 
thrown [s\src\hotspot\share\interpreter\linkResolver.cpp, line 784]
Event: 11.769 Thread 0x0000026ca0fa7750 Exception <a 'java/lang/NoSuchMethodError'{0x000000070ffd2b50}: 'java.lang.Object java.lang.invoke.DirectMethodHandle$Holder.newInvokeSpecial(java.lang.Object, int, java.lang.Object)'> (0x000000070ffd2b50) 
thrown [s\src\hotspot\share\interpreter\linkResolver.cpp, line 784]
Event: 11.841 Thread 0x0000026ca0fa7750 Exception <a 'java/lang/NoSuchMethodError'{0x000000070fa9e450}: 'java.lang.Object java.lang.invoke.DirectMethodHandle$Holder.invokeSpecial(java.lang.Object, java.lang.Object, int, java.lang.Object, java.lang.Object)'> (0x000000070fa9e450) 
thrown [s\src\hotspot\share\interpreter\linkResolver.cpp, line 784]

ZGC Phase Switch (0 events):
No events

VM Operations (20 events):
Event: 11.745 Executing VM operation: HandshakeAllThreads (Deoptimize)
Event: 11.745 Executing VM operation: HandshakeAllThreads (Deoptimize) done
Event: 11.748 Executing VM operation: HandshakeAllThreads (Deoptimize)
Event: 11.748 Executing VM operation: HandshakeAllThreads (Deoptimize) done
Event: 11.811 Executing VM operation: HandshakeAllThreads (Deoptimize)
Event: 11.811 Executing VM operation: HandshakeAllThreads (Deoptimize) done
Event: 11.813 Executing VM operation: HandshakeAllThreads (Deoptimize)
Event: 11.813 Executing VM operation: HandshakeAllThreads (Deoptimize) done
Event: 12.247 Executing VM operation: ICBufferFull
Event: 12.247 Executing VM operation: ICBufferFull done
Event: 12.733 Executing VM operation: ICBufferFull
Event: 12.733 Executing VM operation: ICBufferFull done
Event: 13.613 Executing VM operation: ICBufferFull
Event: 13.613 Executing VM operation: ICBufferFull done
Event: 13.998 Executing VM operation: ICBufferFull
Event: 13.998 Executing VM operation: ICBufferFull done
Event: 14.177 Executing VM operation: HandshakeAllThreads (Deoptimize)
Event: 14.177 Executing VM operation: HandshakeAllThreads (Deoptimize) done
Event: 14.335 Executing VM operation: G1TryInitiateConcMark (CodeCache GC Threshold)
Event: 14.353 Executing VM operation: G1TryInitiateConcMark (CodeCache GC Threshold) done

Memory protections (0 events):
No events

Nmethod flushes (20 events):
Event: 2.976 Thread 0x0000026cbc61b120 flushing  nmethod 0x0000026ca5a0d490
Event: 2.976 Thread 0x0000026cbc61b120 flushing  nmethod 0x0000026ca5a0e190
Event: 2.976 Thread 0x0000026cbc61b120 flushing  nmethod 0x0000026ca5a0f590
Event: 2.976 Thread 0x0000026cbc61b120 flushing  nmethod 0x0000026ca5a12010
Event: 2.976 Thread 0x0000026cbc61b120 flushing  nmethod 0x0000026ca5a23d10
Event: 2.976 Thread 0x0000026cbc61b120 flushing  nmethod 0x0000026ca5a24090
Event: 2.976 Thread 0x0000026cbc61b120 flushing  nmethod 0x0000026ca5a38710
Event: 2.976 Thread 0x0000026cbc61b120 flushing  nmethod 0x0000026ca5a39490
Event: 2.976 Thread 0x0000026cbc61b120 flushing  nmethod 0x0000026ca5a39c10
Event: 2.976 Thread 0x0000026cbc61b120 flushing  nmethod 0x0000026ca5a49810
Event: 2.976 Thread 0x0000026cbc61b120 flushing  nmethod 0x0000026ca5a49e10
Event: 2.976 Thread 0x0000026cbc61b120 flushing  nmethod 0x0000026ca5a4a690
Event: 2.976 Thread 0x0000026cbc61b120 flushing  nmethod 0x0000026ca5a4b490
Event: 2.976 Thread 0x0000026cbc61b120 flushing  nmethod 0x0000026ca5a4ca10
Event: 2.976 Thread 0x0000026cbc61b120 flushing  nmethod 0x0000026ca5a4d790
Event: 2.976 Thread 0x0000026cbc61b120 flushing  nmethod 0x0000026ca5a4db10
Event: 2.976 Thread 0x0000026cbc61b120 flushing  nmethod 0x0000026ca5a4f890
Event: 2.976 Thread 0x0000026cbc61b120 flushing  nmethod 0x0000026ca5a62590
Event: 2.976 Thread 0x0000026cbc61b120 flushing  nmethod 0x0000026ca5a64190
Event: 2.976 Thread 0x0000026cbc61b120 flushing  nmethod 0x0000026ca5ac8e90

Events (20 events):
Event: 0.112 Thread 0x0000026ca0fa7750 Thread added: 0x0000026cbc963dc0
Event: 0.122 Thread 0x0000026ca0fa7750 Thread added: 0x0000026cbc96ca20
Event: 0.134 Loaded shared library C:\Program Files\Android\Android Studio\jbr\bin\net.dll
Event: 0.135 Loaded shared library C:\Program Files\Android\Android Studio\jbr\bin\nio.dll
Event: 0.152 Thread 0x0000026cbc7b7a40 Thread added: 0x0000026cbca21720
Event: 0.164 Loaded shared library C:\Program Files\Android\Android Studio\jbr\bin\zip.dll
Event: 0.196 Loaded shared library C:\Program Files\Android\Android Studio\jbr\bin\jimage.dll
Event: 1.492 Thread 0x0000026cbca21720 Thread exited: 0x0000026cbca21720
Event: 1.593 Thread 0x0000026cbc7baa30 Thread added: 0x0000026cc1e284c0
Event: 2.972 Thread 0x0000026cc1e284c0 Thread exited: 0x0000026cc1e284c0
Event: 3.288 Thread 0x0000026cbc7baa30 Thread added: 0x0000026cc2cf2580
Event: 6.296 Thread 0x0000026cc2cf2580 Thread exited: 0x0000026cc2cf2580
Event: 6.689 Thread 0x0000026cbc7baa30 Thread added: 0x0000026cc4dd6820
Event: 6.871 Thread 0x0000026cc4dd6820 Thread exited: 0x0000026cc4dd6820
Event: 6.925 Thread 0x0000026cbc7baa30 Thread added: 0x0000026cc4dd6820
Event: 11.713 Thread 0x0000026cc4dd6820 Thread exited: 0x0000026cc4dd6820
Event: 11.881 Thread 0x0000026cbc7baa30 Thread added: 0x0000026cc7f55020
Event: 13.023 Thread 0x0000026cc7f55020 Thread exited: 0x0000026cc7f55020
Event: 13.562 Thread 0x0000026cbc7b7a40 Thread added: 0x0000026cc20b5f80
Event: 14.232 Thread 0x0000026cc20b5f80 Thread exited: 0x0000026cc20b5f80


Dynamic libraries:
0x00007ff76a7a0000 - 0x00007ff76a7aa000 	C:\Program Files\Android\Android Studio\jbr\bin\java.exe
0x00007ffe06670000 - 0x00007ffe06868000 	C:\Windows\SYSTEM32\ntdll.dll
0x00007ffe06490000 - 0x00007ffe06552000 	C:\Windows\System32\KERNEL32.DLL
0x00007ffe03f90000 - 0x00007ffe0428f000 	C:\Windows\System32\KERNELBASE.dll
0x00007ffe04290000 - 0x00007ffe04390000 	C:\Windows\System32\ucrtbase.dll
0x00007ffdfbeb0000 - 0x00007ffdfbec8000 	C:\Program Files\Android\Android Studio\jbr\bin\jli.dll
0x00007ffe04cb0000 - 0x00007ffe04e4d000 	C:\Windows\System32\USER32.dll
0x00007ffe03da0000 - 0x00007ffe03dc2000 	C:\Windows\System32\win32u.dll
0x00007ffe04690000 - 0x00007ffe046bb000 	C:\Windows\System32\GDI32.dll
0x00007ffe03dd0000 - 0x00007ffe03eea000 	C:\Windows\System32\gdi32full.dll
0x00007ffe04540000 - 0x00007ffe045dd000 	C:\Windows\System32\msvcp_win.dll
0x00007ffe00ef0000 - 0x00007ffe00f0b000 	C:\Program Files\Android\Android Studio\jbr\bin\VCRUNTIME140.dll
0x00007ffdf7200000 - 0x00007ffdf749a000 	C:\Windows\WinSxS\amd64_microsoft.windows.common-controls_6595b64144ccf1df_6.0.19041.4355_none_60b8b9eb71f62e16\COMCTL32.dll
0x00007ffe056f0000 - 0x00007ffe0578e000 	C:\Windows\System32\msvcrt.dll
0x00007ffe04f10000 - 0x00007ffe04f3f000 	C:\Windows\System32\IMM32.DLL
0x00007ffe01380000 - 0x00007ffe0138c000 	C:\Program Files\Android\Android Studio\jbr\bin\vcruntime140_1.dll
0x00007ffdeeb90000 - 0x00007ffdeec1d000 	C:\Program Files\Android\Android Studio\jbr\bin\msvcp140.dll
0x00007ffde46e0000 - 0x00007ffde5363000 	C:\Program Files\Android\Android Studio\jbr\bin\server\jvm.dll
0x00007ffe04770000 - 0x00007ffe0481f000 	C:\Windows\System32\ADVAPI32.dll
0x00007ffe04f40000 - 0x00007ffe04fdf000 	C:\Windows\System32\sechost.dll
0x00007ffe04970000 - 0x00007ffe04a93000 	C:\Windows\System32\RPCRT4.dll
0x00007ffe03ef0000 - 0x00007ffe03f17000 	C:\Windows\System32\bcrypt.dll
0x00007ffe05790000 - 0x00007ffe057fb000 	C:\Windows\System32\WS2_32.dll
0x00007ffe03b70000 - 0x00007ffe03bbb000 	C:\Windows\SYSTEM32\POWRPROF.dll
0x00007ffdf7e20000 - 0x00007ffdf7e47000 	C:\Windows\SYSTEM32\WINMM.dll
0x00007ffdf8150000 - 0x00007ffdf815a000 	C:\Windows\SYSTEM32\VERSION.dll
0x00007ffe03b50000 - 0x00007ffe03b62000 	C:\Windows\SYSTEM32\UMPDC.dll
0x00007ffe01ad0000 - 0x00007ffe01ae2000 	C:\Windows\SYSTEM32\kernel.appcore.dll
0x00007ffe00ea0000 - 0x00007ffe00eaa000 	C:\Program Files\Android\Android Studio\jbr\bin\jimage.dll
0x00007ffdf7c30000 - 0x00007ffdf7e14000 	C:\Windows\SYSTEM32\DBGHELP.DLL
0x00007ffdf3aa0000 - 0x00007ffdf3ad4000 	C:\Windows\SYSTEM32\dbgcore.DLL
0x00007ffe03d10000 - 0x00007ffe03d92000 	C:\Windows\System32\bcryptPrimitives.dll
0x00007ffdfbdd0000 - 0x00007ffdfbdf0000 	C:\Program Files\Android\Android Studio\jbr\bin\java.dll
0x00007ffdf8180000 - 0x00007ffdf8198000 	C:\Program Files\Android\Android Studio\jbr\bin\zip.dll
0x00007ffe059c0000 - 0x00007ffe0612d000 	C:\Windows\System32\SHELL32.dll
0x00007ffe01db0000 - 0x00007ffe02554000 	C:\Windows\SYSTEM32\windows.storage.dll
0x00007ffe06130000 - 0x00007ffe06485000 	C:\Windows\System32\combase.dll
0x00007ffe03670000 - 0x00007ffe0369b000 	C:\Windows\SYSTEM32\Wldp.dll
0x00007ffe06560000 - 0x00007ffe0662d000 	C:\Windows\System32\OLEAUT32.dll
0x00007ffe04e50000 - 0x00007ffe04efd000 	C:\Windows\System32\SHCORE.dll
0x00007ffe05960000 - 0x00007ffe059b5000 	C:\Windows\System32\shlwapi.dll
0x00007ffe03c40000 - 0x00007ffe03c65000 	C:\Windows\SYSTEM32\profapi.dll
0x00007ffdfdb80000 - 0x00007ffdfdb90000 	C:\Program Files\Android\Android Studio\jbr\bin\net.dll
0x00007ffe002f0000 - 0x00007ffe003fa000 	C:\Windows\SYSTEM32\WINHTTP.dll
0x00007ffe033d0000 - 0x00007ffe0343c000 	C:\Windows\system32\mswsock.dll
0x00007ffdf8160000 - 0x00007ffdf8176000 	C:\Program Files\Android\Android Studio\jbr\bin\nio.dll
0x00007ffe000a0000 - 0x00007ffe000b0000 	C:\Program Files\Android\Android Studio\jbr\bin\verify.dll

dbghelp: loaded successfully - version: 4.0.5 - missing functions: none
symbol engine: initialized successfully - sym options: 0x614 - pdb path: .;C:\Program Files\Android\Android Studio\jbr\bin;C:\Windows\SYSTEM32;C:\Windows\WinSxS\amd64_microsoft.windows.common-controls_6595b64144ccf1df_6.0.19041.4355_none_60b8b9eb71f62e16;C:\Program Files\Android\Android Studio\jbr\bin\server

VM Arguments:
java_command: org.jetbrains.kotlin.cli.jvm.K2JVMCompiler @D:\MAXCOMM\CONTRAST\app\build\20250426_5146716779084524359.compiler.options
java_class_path (initial): C:\Users\EYE\.gradle\caches\modules-2\files-2.1\org.jetbrains.kotlin\kotlin-compiler-embeddable\2.1.0\988bf980588bbbcfa1ba19c1ffd7aa869b335a31\kotlin-compiler-embeddable-2.1.0.jar;C:\Users\EYE\.gradle\caches\modules-2\files-2.1\org.jetbrains.kotlin\kotlin-stdlib\2.1.0\85f8b81009cda5890e54ba67d64b5e599c645020\kotlin-stdlib-2.1.0.jar;C:\Users\EYE\.gradle\caches\modules-2\files-2.1\org.jetbrains.kotlin\kotlin-script-runtime\2.1.0\5909da8c57b75a117714ab0e348c86101b7a3284\kotlin-script-runtime-2.1.0.jar;C:\Users\EYE\.gradle\caches\modules-2\files-2.1\org.jetbrains.kotlin\kotlin-reflect\1.6.10\1cbe9c92c12a94eea200d23c2bbaedaf3daf5132\kotlin-reflect-1.6.10.jar;C:\Users\EYE\.gradle\caches\modules-2\files-2.1\org.jetbrains.kotlin\kotlin-daemon-embeddable\2.1.0\420bae1908e4a353f5b56c3c850d24d86367b25d\kotlin-daemon-embeddable-2.1.0.jar;C:\Users\EYE\.gradle\caches\modules-2\files-2.1\org.jetbrains.intellij.deps\trove4j\1.0.20200330\3afb14d5f9ceb459d724e907a21145e8ff394f02\trove4j-1.0.20200330.jar;C:\Users\EYE\.gradle\caches\modules-2\files-2.1\org.jetbrains.kotlinx\kotlinx-coroutines-core-jvm\1.6.4\2c997cd1c0ef33f3e751d3831929aeff1390cb30\kotlinx-coroutines-core-jvm-1.6.4.jar;C:\Users\EYE\.gradle\caches\modules-2\files-2.1\org.jetbrains\annotations\13.0\919f0dfe192fb4e063e7dacadee7f8bb9a2672a9\annotations-13.0.jar
Launcher Type: SUN_STANDARD

[Global flags]
     intx CICompilerCount                          = 3                                         {product} {ergonomic}
     uint ConcGCThreads                            = 1                                         {product} {ergonomic}
     uint G1ConcRefinementThreads                  = 4                                         {product} {ergonomic}
   size_t G1HeapRegionSize                         = 2097152                                   {product} {ergonomic}
    uintx GCDrainStackTargetSize                   = 64                                        {product} {ergonomic}
   size_t InitialHeapSize                          = 268435456                                 {product} {ergonomic}
   size_t MarkStackSize                            = 4194304                                   {product} {ergonomic}
   size_t MaxHeapSize                              = 4265607168                                {product} {ergonomic}
   size_t MaxNewSize                               = 2558525440                                {product} {ergonomic}
   size_t MinHeapDeltaBytes                        = 2097152                                   {product} {ergonomic}
   size_t MinHeapSize                              = 8388608                                   {product} {ergonomic}
    uintx NonNMethodCodeHeapSize                   = 5832780                                {pd product} {ergonomic}
    uintx NonProfiledCodeHeapSize                  = 122912730                              {pd product} {ergonomic}
    uintx ProfiledCodeHeapSize                     = 122912730                              {pd product} {ergonomic}
    uintx ReservedCodeCacheSize                    = 251658240                              {pd product} {ergonomic}
     bool SegmentedCodeCache                       = true                                      {product} {ergonomic}
   size_t SoftMaxHeapSize                          = 4265607168                             {manageable} {ergonomic}
     bool UseCompressedOops                        = true                           {product lp64_product} {ergonomic}
     bool UseG1GC                                  = true                                      {product} {ergonomic}
     bool UseLargePagesIndividualAllocation        = false                                  {pd product} {ergonomic}

Logging:
Log output configuration:
 #0: stdout all=warning uptime,level,tags foldmultilines=false
 #1: stderr all=off uptime,level,tags foldmultilines=false

Environment Variables:
PATH=C:\Windows\system32;C:\Windows;C:\Windows\System32\Wbem;C:\Windows\System32\WindowsPowerShell\v1.0\;C:\Windows\System32\OpenSSH\;C:\Program Files (x86)\Git\cmd;C:\Users\EYE\AppData\Local\Microsoft\WindowsApps;
USERNAME=EYE
OS=Windows_NT
PROCESSOR_IDENTIFIER=Intel64 Family 6 Model 60 Stepping 3, GenuineIntel
TMP=C:\Users\EYE\AppData\Local\Temp
TEMP=C:\Users\EYE\AppData\Local\Temp




Periodic native trim disabled

JNI global refs:
JNI global refs: 9, weak refs: 1

JNI global refs memory usage: 835, weak refs: 833

Process memory usage:
Resident Set Size: 488464K (2% of 16657456K total physical memory with 2033568K free physical memory)

OOME stack traces (most recent first):
Classloader memory used:
Loader jdk.internal.loader.ClassLoaders$AppClassLoader                                 : 47838K
Loader bootstrap                                                                       : 10685K
Loader java.net.URLClassLoader                                                         : 275K

---------------  S Y S T E M  ---------------

OS:
 Windows 10 , 64 bit Build 19041 (10.0.19041.5438)
OS uptime: 0 days 0:47 hours

CPU: total 4 (initial active 4) (4 cores per cpu, 1 threads per core) family 6 model 60 stepping 3 microcode 0x27, cx8, cmov, fxsr, mmx, sse, sse2, sse3, ssse3, sse4.1, sse4.2, popcnt, lzcnt, tsc, tscinvbit, avx, avx2, aes, erms, clmul, bmi1, bmi2, fma, vzeroupper, clflush, rdtscp, f16c
Processor Information for all 4 processors :
  Max Mhz: 3201, Current Mhz: 3201, Mhz Limit: 3201

Memory: 4k page, system-wide physical 16267M (1985M free)
TotalPageFile size 21387M (AvailPageFile size 4585M)
current process WorkingSet (physical memory assigned to process): 477M, peak: 478M
current process commit charge ("private bytes"): 498M, peak: 501M

vm_info: OpenJDK 64-Bit Server VM (21.0.4+-12508038-b607.1) for windows-amd64 JRE (21.0.4+-12508038-b607.1), built on 2024-10-16T17:23:34Z by "builder" with MS VC++ 16.10 / 16.11 (VS2019)

END.
